Traceback (most recent call last):
  File "/opt/anaconda3/envs/libro/lib/python3.13/site-packages/jupyter_core/utils/__init__.py", line 154, in wrapped
    asyncio.get_running_loop()
    ~~~~~~~~~~~~~~~~~~~~~~~~^^
RuntimeError: no running event loop

During handling of the above exception, another exception occurred:

Traceback (most recent call last):
  File "/opt/anaconda3/envs/libro/lib/python3.13/site-packages/jupyter_cache/executors/utils.py", line 58, in single_nb_execution
    executenb(
    ~~~~~~~~~^
        nb,
        ^^^
    ...<4 lines>...
        **kwargs,
        ^^^^^^^^^
    )
    ^
  File "/opt/anaconda3/envs/libro/lib/python3.13/site-packages/nbclient/client.py", line 1319, in execute
    return NotebookClient(nb=nb, resources=resources, km=km, **kwargs).execute()
           ~~~~~~~~~~~~~~~~~~~~~~~~~~~~~~~~~~~~~~~~~~~~~~~~~~~~~~~~~~~~~~~~~~~^^
  File "/opt/anaconda3/envs/libro/lib/python3.13/site-packages/jupyter_core/utils/__init__.py", line 158, in wrapped
    return loop.run_until_complete(inner)
           ~~~~~~~~~~~~~~~~~~~~~~~^^^^^^^
  File "/opt/anaconda3/envs/libro/lib/python3.13/asyncio/base_events.py", line 725, in run_until_complete
    return future.result()
           ~~~~~~~~~~~~~^^
  File "/opt/anaconda3/envs/libro/lib/python3.13/site-packages/nbclient/client.py", line 709, in async_execute
    await self.async_execute_cell(
        cell, index, execution_count=self.code_cells_executed + 1
    )
  File "/opt/anaconda3/envs/libro/lib/python3.13/site-packages/nbclient/client.py", line 1062, in async_execute_cell
    await self._check_raise_for_error(cell, cell_index, exec_reply)
  File "/opt/anaconda3/envs/libro/lib/python3.13/site-packages/nbclient/client.py", line 918, in _check_raise_for_error
    raise CellExecutionError.from_cell_and_msg(cell, exec_reply_content)
nbclient.exceptions.CellExecutionError: An error occurred while executing the following cell:
------------------
import numpy as np
import matplotlib.pyplot as plt

def compress_image_with_fft(threshold):
    # Load the image (in grayscale for simplicity)
    img = plt.imread('peppers256.png')

    # Apply FFT to the image
    f = np.fft.fft2(img)
    print(np.max(abs(f)))
    print(np.min(abs(f)))
    
    

    fshift = np.fft.fftshift(f)  # Shift the zero-frequency component to the center
    
    #plt.figure()
    #plt.imshow(np.log(abs(fshift)),cmap='gray')
    #plt.show()
    
    # Compute the magnitude and phase
    magnitude = np.abs(fshift)
    phase = np.angle(fshift)
    
  
    # Compress the image by setting small magnitude components to zero
    magnitude_threshold = np.max(magnitude) * threshold
    magnitude[magnitude < magnitude_threshold] = 0


    # Reconstruct the image from the modified magnitude and original phase
    fshift_compressed = magnitude * np.exp(1j * phase)
    
    # Inverse FFT to get the compressed image in spatial domain
    f_ishift = np.fft.ifftshift(fshift_compressed)
    img_compressed = np.fft.ifft2(f_ishift)
    img_compressed = np.abs(img_compressed)

    return img_compressed, img

# Path to the input image
#image_path = 'camera_image.jpg'  # Change this to your image file path

# Compress the image with FFT
compressed_image, original_image = compress_image_with_fft(threshold=0.0005)

# Display the original and compressed images
plt.figure(figsize=(10, 5))

# Original image
plt.subplot(1, 2, 1)
plt.imshow(original_image, cmap='gray')
plt.title('Original Image')
plt.axis('off')

# Compressed image
plt.subplot(1, 2, 2)
plt.imshow(compressed_image, cmap='gray')
plt.title('Compressed Image')
plt.axis('off')

plt.show()

------------------


[31m---------------------------------------------------------------------------[39m
[31mFileNotFoundError[39m                         Traceback (most recent call last)
[36mCell[39m[36m [39m[32mIn[2][39m[32m, line 45[39m
[32m     39[39m     [38;5;28;01mreturn[39;00m img_compressed, img
[32m     41[39m [38;5;66;03m# Path to the input image[39;00m
[32m     42[39m [38;5;66;03m#image_path = 'camera_image.jpg'  # Change this to your image file path[39;00m
[32m     43[39m 
[32m     44[39m [38;5;66;03m# Compress the image with FFT[39;00m
[32m---> [39m[32m45[39m compressed_image, original_image = compress_image_with_fft(threshold=[32m0.0005[39m)
[32m     47[39m [38;5;66;03m# Display the original and compressed images[39;00m
[32m     48[39m plt.figure(figsize=([32m10[39m, [32m5[39m))

[36mCell[39m[36m [39m[32mIn[2][39m[32m, line 6[39m, in [36mcompress_image_with_fft[39m[34m(threshold)[39m
[32m      4[39m [38;5;28;01mdef[39;00m[38;5;250m [39m[34mcompress_image_with_fft[39m(threshold):
[32m      5[39m     [38;5;66;03m# Load the image (in grayscale for simplicity)[39;00m
[32m----> [39m[32m6[39m     img = plt.imread([33m'[39m[33mpeppers256.png[39m[33m'[39m)
[32m      8[39m     [38;5;66;03m# Apply FFT to the image[39;00m
[32m      9[39m     f = np.fft.fft2(img)

[36mFile [39m[32m/opt/anaconda3/envs/libro/lib/python3.13/site-packages/matplotlib/pyplot.py:2614[39m, in [36mimread[39m[34m(fname, format)[39m
[32m   2610[39m [38;5;129m@_copy_docstring_and_deprecators[39m(matplotlib.image.imread)
[32m   2611[39m [38;5;28;01mdef[39;00m[38;5;250m [39m[34mimread[39m(
[32m   2612[39m         fname: [38;5;28mstr[39m | pathlib.Path | BinaryIO, [38;5;28mformat[39m: [38;5;28mstr[39m | [38;5;28;01mNone[39;00m = [38;5;28;01mNone[39;00m
[32m   2613[39m ) -> np.ndarray:
[32m-> [39m[32m2614[39m     [38;5;28;01mreturn[39;00m matplotlib.image.imread(fname, [38;5;28mformat[39m)

[36mFile [39m[32m/opt/anaconda3/envs/libro/lib/python3.13/site-packages/matplotlib/image.py:1520[39m, in [36mimread[39m[34m(fname, format)[39m
[32m   1513[39m [38;5;28;01mif[39;00m [38;5;28misinstance[39m(fname, [38;5;28mstr[39m) [38;5;129;01mand[39;00m [38;5;28mlen[39m(parse.urlparse(fname).scheme) > [32m1[39m:
[32m   1514[39m     [38;5;66;03m# Pillow doesn't handle URLs directly.[39;00m
[32m   1515[39m     [38;5;28;01mraise[39;00m [38;5;167;01mValueError[39;00m(
[32m   1516[39m         [33m"[39m[33mPlease open the URL for reading and pass the [39m[33m"[39m
[32m   1517[39m         [33m"[39m[33mresult to Pillow, e.g. with [39m[33m"[39m
[32m   1518[39m         [33m"[39m[33m``np.array(PIL.Image.open(urllib.request.urlopen(url)))``.[39m[33m"[39m
[32m   1519[39m         )
[32m-> [39m[32m1520[39m [38;5;28;01mwith[39;00m img_open(fname) [38;5;28;01mas[39;00m image:
[32m   1521[39m     [38;5;28;01mreturn[39;00m (_pil_png_to_float_array(image)
[32m   1522[39m             [38;5;28;01mif[39;00m [38;5;28misinstance[39m(image, PIL.PngImagePlugin.PngImageFile) [38;5;28;01melse[39;00m
[32m   1523[39m             pil_to_array(image))

[36mFile [39m[32m/opt/anaconda3/envs/libro/lib/python3.13/site-packages/PIL/ImageFile.py:138[39m, in [36mImageFile.__init__[39m[34m(self, fp, filename)[39m
[32m    135[39m [38;5;28mself[39m._fp: IO[[38;5;28mbytes[39m] | DeferredError
[32m    136[39m [38;5;28;01mif[39;00m is_path(fp):
[32m    137[39m     [38;5;66;03m# filename[39;00m
[32m--> [39m[32m138[39m     [38;5;28mself[39m.fp = [38;5;28mopen[39m(fp, [33m"[39m[33mrb[39m[33m"[39m)
[32m    139[39m     [38;5;28mself[39m.filename = os.fspath(fp)
[32m    140[39m     [38;5;28mself[39m._exclusive_fp = [38;5;28;01mTrue[39;00m

[31mFileNotFoundError[39m: [Errno 2] No such file or directory: 'peppers256.png'

