Traceback (most recent call last):
  File "/opt/anaconda3/envs/libro/lib/python3.13/site-packages/jupyter_core/utils/__init__.py", line 154, in wrapped
    asyncio.get_running_loop()
    ~~~~~~~~~~~~~~~~~~~~~~~~^^
RuntimeError: no running event loop

During handling of the above exception, another exception occurred:

Traceback (most recent call last):
  File "/opt/anaconda3/envs/libro/lib/python3.13/site-packages/jupyter_cache/executors/utils.py", line 58, in single_nb_execution
    executenb(
    ~~~~~~~~~^
        nb,
        ^^^
    ...<4 lines>...
        **kwargs,
        ^^^^^^^^^
    )
    ^
  File "/opt/anaconda3/envs/libro/lib/python3.13/site-packages/nbclient/client.py", line 1319, in execute
    return NotebookClient(nb=nb, resources=resources, km=km, **kwargs).execute()
           ~~~~~~~~~~~~~~~~~~~~~~~~~~~~~~~~~~~~~~~~~~~~~~~~~~~~~~~~~~~~~~~~~~~^^
  File "/opt/anaconda3/envs/libro/lib/python3.13/site-packages/jupyter_core/utils/__init__.py", line 158, in wrapped
    return loop.run_until_complete(inner)
           ~~~~~~~~~~~~~~~~~~~~~~~^^^^^^^
  File "/opt/anaconda3/envs/libro/lib/python3.13/asyncio/base_events.py", line 725, in run_until_complete
    return future.result()
           ~~~~~~~~~~~~~^^
  File "/opt/anaconda3/envs/libro/lib/python3.13/site-packages/nbclient/client.py", line 709, in async_execute
    await self.async_execute_cell(
        cell, index, execution_count=self.code_cells_executed + 1
    )
  File "/opt/anaconda3/envs/libro/lib/python3.13/site-packages/nbclient/client.py", line 1062, in async_execute_cell
    await self._check_raise_for_error(cell, cell_index, exec_reply)
  File "/opt/anaconda3/envs/libro/lib/python3.13/site-packages/nbclient/client.py", line 918, in _check_raise_for_error
    raise CellExecutionError.from_cell_and_msg(cell, exec_reply_content)
nbclient.exceptions.CellExecutionError: An error occurred while executing the following cell:
------------------
 

# Dicom file
import pydicom

# Read  dicom file
ds = pydicom.dcmread("proj.dcm")

# Show the main metadata
print(ds)

# Show the image
plt.figure()
plt.imshow(ds.pixel_array, cmap='gray')
plt.show()

ds1 = pydicom.dcmread("reco.dcm")

# Show the main metadata
print(ds1)


------------------

----- stdout -----
Dataset.file_meta -------------------------------
(0002,0000) File Meta Information Group Length  UL: 206
(0002,0001) File Meta Information Version       OB: b'\x00\x01'
(0002,0002) Media Storage SOP Class UID         UI: Digital Mammography X-Ray Image Storage - For Processing
(0002,0003) Media Storage SOP Instance UID      UI: 2.16.840.1.113669.632.25.1.103374.20240502120725128.10.3.5
(0002,0010) Transfer Syntax UID                 UI: Explicit VR Little Endian
(0002,0012) Implementation Class UID            UI: 1.2.276.0.7230010.3.0.3.6.3
(0002,0013) Implementation Version Name         SH: 'OFFIS_DCMTK_363'
-------------------------------------------------
(0008,0005) Specific Character Set              CS: 'ISO_IR 100'
(0008,0008) Image Type                          CS: ['ORIGINAL', 'PRIMARY', '', '', '']
(0008,0016) SOP Class UID                       UI: Digital Mammography X-Ray Image Storage - For Processing
(0008,0018) SOP Instance UID                    UI: 2.16.840.1.113669.632.25.1.103374.20240502120725128.10.3.5
(0008,0020) Study Date                          DA: '20240502'
(0008,0021) Series Date                         DA: '20240502'
(0008,0022) Acquisition Date                    DA: '20240502'
(0008,0023) Content Date                        DA: '20240502'
(0008,0030) Study Time                          TM: '090232'
(0008,0031) Series Time                         TM: '120715'
(0008,0032) Acquisition Time                    TM: '120725'
(0008,0033) Content Time                        TM: '120725'
(0008,0050) Accession Number                    SH: ''
(0008,0060) Modality                            CS: 'MG'
(0008,0068) Presentation Intent Type            CS: 'FOR PROCESSING'
(0008,0070) Manufacturer                        LO: 'IMS GIOTTO S.p.A.'
(0008,0090) Referring Physician's Name          PN: ''
(0008,1010) Station Name                        SH: 'GIOTTO CLASS'
(0008,1050) Performing Physician's Name         PN: ''
(0008,1070) Operators' Name                     PN: ''
(0008,1090) Manufacturer's Model Name           LO: 'GIOTTO CLASS'
(0008,2218)  Anatomic Region Sequence  1 item(s) ---- 
   (0008,0100) Code Value                          SH: 'T-04000'
   (0008,0102) Coding Scheme Designator            SH: 'SRT'
   (0008,0104) Code Meaning                        LO: 'Breast'
   ---------
(0008,3010) Irradiation Event UID               UI: 2.16.840.1.113669.632.25.1.103374.20240502120715307.8
(0010,0010) Patient's Name                      PN: 'DBT^31 PROJ'
(0010,0020) Patient ID                          LO: 'MADAVERO'
(0010,0030) Patient's Birth Date                DA: '19840328'
(0010,0040) Patient's Sex                       CS: 'F'
(0010,1010) Patient's Age                       AS: '040Y'
(0010,1020) Patient's Size                      DS: None
(0010,1030) Patient's Weight                    DS: None
(0018,0015) Body Part Examined                  CS: 'BREAST'
(0018,0060) KVP                                 DS: '27'
(0018,1000) Device Serial Number                LO: '103374'
(0018,1020) Software Versions                   LO: 'Raffaello 4.19.8.0 - IMSProc 4.17.3.2 - Tiziano 4.15.0.3'
(0018,1030) Protocol Name                       LO: 'Mammography'
(0018,1110) Distance Source to Detector         DS: '688.9'
(0018,1111) Distance Source to Patient          DS: '672.0'
(0018,1114) Estimated Radiographic Magnificatio DS: '1.000'
(0018,1147) Field of View Shape                 CS: 'RECTANGLE'
(0018,1149) Field of View Dimension(s)          IS: [297, 233]
(0018,1150) Exposure Time                       IS: '38'
(0018,1151) X-Ray Tube Current                  IS: '104'
(0018,1152) Exposure                            IS: '4'
(0018,1153) Exposure in uAs                     IS: '4050'
(0018,1160) Filter Type                         SH: 'STRIP'
(0018,1164) Imager Pixel Spacing                DS: [0.0829, 0.0829]
(0018,1166) Grid                                CS: 'NONE'
(0018,1190) Focal Spot(s)                       DS: '0.3'
(0018,1191) Anode Target Material               CS: 'TUNGSTEN'
(0018,11A0) Body Part Thickness                 DS: '40'
(0018,11A2) Compression Force                   DS: '9.8'
(0018,11A4) Paddle Description                  LO: '24x30'
(0018,1405) Relative X-Ray Exposure             IS: '2075'
(0018,1508) Positioner Type                     CS: 'MAMMOGRAPHIC'
(0018,1510) Positioner Primary Angle            DS: '0'
(0018,1511) Positioner Secondary Angle          DS: '0'
(0018,1530) Detector Primary Angle              DS: '0'
(0018,1531) Detector Secondary Angle            DS: '0.907889'
(0018,5101) View Position                       CS: 'CC'
(0018,7001) Detector Temperature                DS: '32'
(0018,7004) Detector Type                       CS: 'DIRECT'
(0018,7005) Detector Configuration              CS: 'AREA'
(0018,700A) Detector ID                         SH: 'AP01-23387'
(0018,700C) Date of Last Detector Calibration   DA: '20240418'
(0018,701A) Detector Binning                    DS: [1, 1]
(0018,7020) Detector Element Physical Size      DS: [0.085, 0.085]
(0018,7022) Detector Element Spacing            DS: [0.085, 0.085]
(0018,702B) Detector Manufacturer's Model Name  LO: 'SCREEN+'
(0018,7050) Filter Material                     CS: 'SILVER'
(0018,7052) Filter Thickness Minimum            DS: '0.05'
(0018,7054) Filter Thickness Maximum            DS: '0.05'
(0018,7060) Exposure Control Mode               CS: 'AUTOMATIC'
(0018,7062) Exposure Control Mode Description   LT: Array of 184 elements
(0018,8151) X-Ray Tube Current in uA            DS: '104400'
(0018,9559) Positioner Primary Angle Direction  CS: 'CW'
(0020,000D) Study Instance UID                  UI: 2.16.840.1.113669.632.25.1.103374.20240502090232863.1
(0020,000E) Series Instance UID                 UI: 2.16.840.1.113669.632.25.1.103374.20240502120715244.2.5
(0020,0010) Study ID                            SH: '581-193'
(0020,0011) Series Number                       IS: '18'
(0020,0013) Instance Number                     IS: '10'
(0020,0020) Patient Orientation                 CS: ['P', 'L']
(0020,0052) Frame of Reference UID              UI: 2.16.840.1.113669.632.25.1.103374.20240502120715286.6
(0020,0062) Image Laterality                    CS: 'R'
(0020,1040) Position Reference Indicator        LO: ''
(0028,0002) Samples per Pixel                   US: 1
(0028,0004) Photometric Interpretation          CS: 'MONOCHROME1'
(0028,0010) Rows                                US: 3580
(0028,0011) Columns                             US: 2812
(0028,0100) Bits Allocated                      US: 16
(0028,0101) Bits Stored                         US: 13
(0028,0102) High Bit                            US: 12
(0028,0103) Pixel Representation                US: 0
(0028,0120) Pixel Padding Value                 US: 7500
(0028,0121) Pixel Padding Range Limit           US: 1952
(0028,0300) Quality Control Image               CS: 'YES'
(0028,0301) Burned In Annotation                CS: 'NO'
(0028,1040) Pixel Intensity Relationship        CS: 'LIN'
(0028,1041) Pixel Intensity Relationship Sign   SS: 1
(0028,1052) Rescale Intercept                   DS: '0'
(0028,1053) Rescale Slope                       DS: '1'
(0028,1054) Rescale Type                        LO: 'US'
(0028,1300) Breast Implant Present              CS: 'NO'
(0028,1350) Partial View                        CS: 'NO'
(0028,2110) Lossy Image Compression             CS: '00'
(0040,0244) Performed Procedure Step Start Date DA: '20240502'
(0040,0245) Performed Procedure Step Start Time TM: '090232'
(0040,0253) Performed Procedure Step ID         SH: '20231333'
(0040,0254) Performed Procedure Step Descriptio LO: ''
(0040,0314) Half Value Layer                    DS: '0.518'
(0040,0316) Organ Dose                          DS: '0.00062'
(0040,0318) Organ Exposed                       CS: 'BREAST'
(0040,0555)  Acquisition Context Sequence  0 item(s) ---- 
(0040,8302) Entrance Dose in mGy                DS: '0.179'
(0040,8303) Entrance Dose Derivation            CS: 'IAK'
(0054,0220)  View Code Sequence  1 item(s) ---- 
   (0008,0100) Code Value                          SH: 'R-10242'
   (0008,0102) Coding Scheme Designator            SH: 'SRT'
   (0008,0104) Code Meaning                        LO: 'cranio-caudal'
   (0054,0222)  View Modifier Code Sequence  0 item(s) ---- 
   ---------
(1269,0010) Private Creator                     LO: 'Raffaello Biopsy Private Code'
(1269,1001) Private tag data                    IS: '0'
(1271,0010) Private Creator                     LO: 'Raffaello Mammography Private Code'
(1271,1020) Private tag data                    IS: '3'
(1271,1021) Private tag data                    IS: '2'
(1271,1022) Private tag data                    IS: '0'
(1271,1025) Private tag data                    IS: '0'
(1271,1038) Private tag data                    LO: 'YES'
(1271,1039) Private tag data                    US: [268, 268]
(1271,1040) Private tag data                    US: [536, 536]
(1271,1041) Private tag data                    LO: ['CURRENT', 'STANDARD']
(1271,1053) Private tag data                    LO: '1.00'
(1271,1054) Private tag data                    IS: '0'
(1271,1055) Private tag data                    LO: '1952'
(1271,1070) Private tag data                    DS: '648.8'
(1271,1071) Private tag data                    DS: '0.000'
(1271,1072) Private tag data                    DS: '0.000'
(1271,1073) Private tag data                    DS: '0.000'
(1271,1074) Private tag data                    IS: '1792'
(1271,1075) Private tag data                    IS: '0'
(1271,1076) Private tag data                    DS: '0.964'
(1271,1077) Private tag data                    DS: '0.964'
(1271,1078) Private tag data                    DS: '0.964'
(1271,1079) Private tag data                    IS: '10'
(1271,1080) Private tag data                    IS: '21'
(1271,1082) Private tag data                    IS: '1'
(1271,1083) Private tag data                    LO: ''
(1271,1084) Private tag data                    LO: ''
(1271,1086) Private tag data                    LT: Array of 73 elements
(1271,1087) Private tag data                    IS: '6'
(1271,1088) Private tag data                    IS: '0'
(1271,1091) Private tag data                    LO: '1.4'
(1271,1093) Private tag data                    IS: '0'
(1271,1097) Private tag data                    IS: '7500'
(1271,1098) Private tag data                    IS: '2'
(1271,1099) Private tag data                    IS: '2'
(1271,109A) Private tag data                    IS: '2'
(1271,109B) Private tag data                    IS: '2'
(1271,10A1) Private tag data                    US: 0
(1271,10A4) Private tag data                    LO: ''
(1271,10A5) Private tag data                    SS: 0
(1271,10B2) Private tag data                    DS: '-0.90789'
(2050,0020) Presentation LUT Shape              CS: 'INVERSE'
(7FE0,0010) Pixel Data                          OW: Array of 20133920 elements
------------------

[31m---------------------------------------------------------------------------[39m
[31mFileNotFoundError[39m                         Traceback (most recent call last)
[36mCell[39m[36m [39m[32mIn[4][39m[32m, line 15[39m
[32m     12[39m plt.imshow(ds.pixel_array, cmap=[33m'[39m[33mgray[39m[33m'[39m)
[32m     13[39m plt.show()
[32m---> [39m[32m15[39m ds1 = pydicom.dcmread([33m"[39m[33mreco.dcm[39m[33m"[39m)
[32m     17[39m [38;5;66;03m# Show the main metadata[39;00m
[32m     18[39m [38;5;28mprint[39m(ds1)

[36mFile [39m[32m/opt/anaconda3/envs/libro/lib/python3.13/site-packages/pydicom/filereader.py:1042[39m, in [36mdcmread[39m[34m(fp, defer_size, stop_before_pixels, force, specific_tags)[39m
[32m   1040[39m     caller_owns_file = [38;5;28;01mFalse[39;00m
[32m   1041[39m     logger.debug([33mf[39m[33m"[39m[33mReading file [39m[33m'[39m[38;5;132;01m{[39;00mfp[38;5;132;01m}[39;00m[33m'[39m[33m"[39m)
[32m-> [39m[32m1042[39m     fp = [38;5;28mopen[39m(fp, [33m"[39m[33mrb[39m[33m"[39m)
[32m   1043[39m [38;5;28;01melif[39;00m (
[32m   1044[39m     fp [38;5;129;01mis[39;00m [38;5;28;01mNone[39;00m
[32m   1045[39m     [38;5;129;01mor[39;00m [38;5;129;01mnot[39;00m [38;5;28mhasattr[39m(fp, [33m"[39m[33mread[39m[33m"[39m)
[32m   1046[39m     [38;5;129;01mor[39;00m [38;5;129;01mnot[39;00m [38;5;28mhasattr[39m(fp, [33m"[39m[33mseek[39m[33m"[39m)
[32m   1047[39m     [38;5;129;01mor[39;00m [38;5;129;01mnot[39;00m [38;5;28mhasattr[39m(fp, [33m"[39m[33mtell[39m[33m"[39m)
[32m   1048[39m ):
[32m   1049[39m     [38;5;28;01mraise[39;00m [38;5;167;01mTypeError[39;00m(
[32m   1050[39m         [33m"[39m[33mdcmread: Expected a file path, file-like or readable buffer, [39m[33m"[39m
[32m   1051[39m         [33mf[39m[33m"[39m[33mbut got [39m[38;5;132;01m{[39;00m[38;5;28mtype[39m(fp).[34m__name__[39m[38;5;132;01m}[39;00m[33m"[39m
[32m   1052[39m     )

[31mFileNotFoundError[39m: [Errno 2] No such file or directory: 'reco.dcm'

